
> dari@0.0.1 build
> astro build

[2m14:25:21[22m [34m[types][39m Generated [2m287ms[22m
[2m14:25:21[22m [34m[build][39m output: [34m"server"[39m
[2m14:25:21[22m [34m[build][39m mode: [34m"server"[39m
[2m14:25:21[22m [34m[build][39m directory: [34mC:\Users\MOAZE TECH\Desktop\work\websites\dari-events\dist\[39m
[2m14:25:21[22m [34m[build][39m adapter: [32m@astrojs/vercel[39m
[2m14:25:21[22m [34m[build][39m Collecting build info...
[2m14:25:21[22m [34m[build][39m [32m✓ Completed in 1.04s.[39m
[2m14:25:21[22m [34m[build][39m Building server entrypoints...
[2m14:25:28[22m [34m[vite][39m [32m✓ built in 6.33s[39m
[2m14:25:37[22m [34m[vite][39m [32m✓ built in 9.40s[39m
[2m14:25:39[22m [34m[vite][39m [32m✓ built in 1.82s[39m
[2m14:25:39[22m [34m[build][39m Rearranging server assets...
[2m14:25:40[22m [34m[build][39m [32m✓ Completed in 18.19s.[39m
[2m14:25:40[22m [34m[@astrojs/vercel][39m Bundling function ..\..\..\..\dist\server\entry.mjs
[2m14:25:43[22m [34m[build][39m Waiting for integration [1m"@astrojs/vercel"[22m, hook [1m"astro:build:done"[22m...
[33m[1m14:26:16[22m [WARN] [@astrojs/sitemap][39m The Sitemap integration requires the `site` astro.config option. Skipping.
[2m14:26:16[22m [34m[@astrojs/vercel][39m Copying static files to .vercel/output/static
[2m14:26:18[22m [34m[build][39m Server built in [1m57.40s[22m
[2m14:26:18[22m [34m[build][39m [1mComplete![22m
